[2022-03-05T20:42:00.813-0900][gc] Using G1
[2022-03-05T20:42:00.817-0900][gc,init] Version: 15.0.1+9-18 (release)
[2022-03-05T20:42:00.817-0900][gc,init] CPUs: 16 total, 16 available
[2022-03-05T20:42:00.817-0900][gc,init] Memory: 32768M
[2022-03-05T20:42:00.817-0900][gc,init] Large Page Support: Disabled
[2022-03-05T20:42:00.817-0900][gc,init] NUMA Support: Disabled
[2022-03-05T20:42:00.817-0900][gc,init] Compressed Oops: Enabled (Zero based)
[2022-03-05T20:42:00.817-0900][gc,init] Heap Region Size: 1M
[2022-03-05T20:42:00.817-0900][gc,init] Heap Min Capacity: 512M
[2022-03-05T20:42:00.817-0900][gc,init] Heap Initial Capacity: 512M
[2022-03-05T20:42:00.817-0900][gc,init] Heap Max Capacity: 512M
[2022-03-05T20:42:00.817-0900][gc,init] Pre-touch: Disabled
[2022-03-05T20:42:00.817-0900][gc,init] Parallel Workers: 13
[2022-03-05T20:42:00.817-0900][gc,init] Concurrent Workers: 3
[2022-03-05T20:42:00.817-0900][gc,init] Concurrent Refinement Workers: 13
[2022-03-05T20:42:00.817-0900][gc,init] Periodic GC: Disabled
[2022-03-05T20:42:00.818-0900][gc,cds ] Mark closed archive regions in map: [0x00000007fff00000, 0x00000007fff78ff8]
[2022-03-05T20:42:00.818-0900][gc,cds ] Mark open archive regions in map: [0x00000007ffe00000, 0x00000007ffe50ff8]
[2022-03-05T20:42:00.818-0900][gc,metaspace] CDS archive(s) mapped at: [0x0000000800000000-0x0000000800b2b000-0x0000000800b2b000), size 11710464, SharedBaseAddress: 0x0000000800000000, ArchiveRelocationMode: 0.
[2022-03-05T20:42:00.818-0900][gc,metaspace] Compressed class space mapped at: 0x0000000800b2c000-0x0000000840b2c000, size: 1073741824
[2022-03-05T20:42:00.818-0900][gc,metaspace] Narrow klass base: 0x0000000800000000, Narrow klass shift: 3, Narrow klass range: 0x100000000
[2022-03-05T20:42:01.234-0900][gc,heap,exit] Heap
[2022-03-05T20:42:01.234-0900][gc,heap,exit]  garbage-first heap   total 524288K, used 18216K [0x00000007e0000000, 0x0000000800000000)
[2022-03-05T20:42:01.234-0900][gc,heap,exit]   region size 1024K, 18 young (18432K), 0 survivors (0K)
[2022-03-05T20:42:01.234-0900][gc,heap,exit]  Metaspace       used 7019K, capacity 7259K, committed 7552K, reserved 1056768K
[2022-03-05T20:42:01.234-0900][gc,heap,exit]   class space    used 786K, capacity 860K, committed 896K, reserved 1048576K
